// Jest Snapshot v1, https://goo.gl/fbAQLP

exports[`Testing snapshot for actions-launchdarkly-audiences destination: syncAudience action - required fields 1`] = `
Object {
  "batch": Array [
    Object {
      "cohortId": "test_audience",
      "cohortName": "Test audience",
      "userId": "uKRBKG",
      "value": true,
    },
  ],
  "environmentId": "uKRBKG",
}
`;

exports[`Testing snapshot for actions-launchdarkly-audiences destination: syncAudience action - required fields 2`] = `
Headers {
  Symbol(map): Object {
    "authorization": Array [
      "uKRBKG",
    ],
    "content-type": Array [
      "application/json",
    ],
    "user-agent": Array [
      "SegmentSyncAudiences/1.0.0",
    ],
  },
}
`;
